\BOOKMARK [1][-]{section.1}{\376\377\203\253\217\352\213\277\116\012\155\167}{}% 1
\BOOKMARK [1][-]{section.2}{\376\377\121\113\221\314\143\320\121\372\133\371\116\055\126\375\123\127\155\167\130\153\155\167\121\163\154\350\000\040\000\040\163\213\153\305\377\032\116\015\211\201\147\011\213\357\122\044}{}% 2
